[     518ms] [ERROR] Failed to load resource: the server responded with a status of 501 (Unsupported method ('POST')) @ http://localhost:3000/api/sync-shows:0
[     518ms] [ERROR] Failed to load resource: the server responded with a status of 404 (File not found) @ http://localhost:3000/api/fetch-status:0
[  241785ms] [ERROR] Failed to load resource: the server responded with a status of 404 (File not found) @ http://localhost:3000/videos/DOES_NOT_EXIST.mp4:0
[  241785ms] [ERROR] Failed to load resource: the server responded with a status of 404 (File not found) @ http://localhost:3000/videos/DOES_NOT_EXIST.mp4:0
[  408609ms] [ERROR] [catalog] load failed SyntaxError: Unexpected token < in JSON at position 1
    at Object.json (<anonymous>:13:40)
    at fetchJson (http://localhost:3000/assets/js/catalog.js:342:14)
    at async loadCatalog (http://localhost:3000/assets/js/catalog.js:349:11)
    at async start (http://localhost:3000/assets/js/ui.js:1217:56) @ http://localhost:3000/assets/js/ui.js:1244
[  411198ms] [ERROR] [catalog] load failed Error: data/catalog.json is empty
    at loadCatalog (http://localhost:3000/assets/js/catalog.js:384:11)
    at async start (http://localhost:3000/assets/js/ui.js:1217:56) @ http://localhost:3000/assets/js/ui.js:1244
[  413755ms] [ERROR] [catalog] load failed Error: 404 Not Found for data/catalog.json
    at fetchJson (http://localhost:3000/assets/js/catalog.js:341:22)
    at async loadCatalog (http://localhost:3000/assets/js/catalog.js:349:11)
    at async start (http://localhost:3000/assets/js/ui.js:1217:56) @ http://localhost:3000/assets/js/ui.js:1244
[  416308ms] [ERROR] [catalog] load failed Error: No valid entries. entry #1: missing "artist"; entry #2: missing "artist"; entry #3: missing "artist"
    at loadCatalog (http://localhost:3000/assets/js/catalog.js:384:11)
    at async start (http://localhost:3000/assets/js/ui.js:1217:56) @ http://localhost:3000/assets/js/ui.js:1244
[  418855ms] [ERROR] [catalog] load failed Error: data/catalog.json must contain a JSON array of entries
    at loadCatalog (http://localhost:3000/assets/js/catalog.js:364:11)
    at async start (http://localhost:3000/assets/js/ui.js:1217:56) @ http://localhost:3000/assets/js/ui.js:1244
[  421419ms] [WARNING] [catalog] data notes [entry #1: missing "artist", show "good" is missing a date, venue or location in data/shows.json, 1 entry has no album art] @ http://localhost:3000/assets/js/ui.js:1218
[  421422ms] [WARNING] [sync] File System Access API failed, falling back to download SecurityError: Failed to execute 'showSaveFilePicker' on 'Window': Must be handling a user gesture to show a file picker.
    at writeShows (http://localhost:3000/assets/js/sync.js:113:35)
    at http://localhost:3000/assets/js/catalog.js:412:27 @ http://localhost:3000/assets/js/sync.js:122
[  421424ms] [ERROR] Failed to load resource: the server responded with a status of 501 (Unsupported method ('POST')) @ http://localhost:3000/api/sync-shows:0
[  421424ms] [ERROR] Failed to load resource: the server responded with a status of 404 (File not found) @ http://localhost:3000/api/fetch-status:0
[  424384ms] [ERROR] Failed to load resource: the server responded with a status of 501 (Unsupported method ('POST')) @ http://localhost:3000/api/sync-shows:0
[  424384ms] [ERROR] Failed to load resource: the server responded with a status of 404 (File not found) @ http://localhost:3000/api/fetch-status:0
[  736245ms] [WARNING] Allow attribute will take precedence over 'allowfullscreen'. @ http://localhost:3000/assets/js/player.js?v=2026-09-27-fullscreen-fix-v4:283
